// Jest Snapshot v1, https://goo.gl/fbAQLP

exports[`Custom Head Component It should match snapshot 1`] = `
<Layout
  description=""
  title=""
>
  Home Page
</Layout>
`;
